// Jest Snapshot v1, https://goo.gl/fbAQLP

exports[`Should render ExpenseList with expenses 1`] = `
<div
  className="content-container"
>
  <div
    className="list-header"
  >
    <div
      className="show-for-mobile"
    >
      Expenses
    </div>
    <div
      className="show-for-desktop"
    >
      Expense
    </div>
    <div
      className="show-for-desktop"
    >
      Amount
    </div>
  </div>
  <div
    className="list-body"
  >
    <ExpenseListItem
      amount={4500}
      createdAt={0}
      description="Book"
      expenseIndex={1}
      id="1"
      key="1"
      note=""
    />
    <ExpenseListItem
      amount={40000}
      createdAt={-345600000}
      description="Rent"
      expenseIndex={2}
      id="2"
      key="2"
      note=""
    />
    <ExpenseListItem
      amount={750}
      createdAt={345600000}
      description="Burger"
      expenseIndex={3}
      id="3"
      key="3"
      note=""
    />
  </div>
</div>
`;

exports[`Should render ExpenseList with message when no expenses are provided 1`] = `
<div
  className="content-container"
>
  <div
    className="list-header"
  >
    <div
      className="show-for-mobile"
    >
      Expenses
    </div>
    <div
      className="show-for-desktop"
    >
      Expense
    </div>
    <div
      className="show-for-desktop"
    >
      Amount
    </div>
  </div>
  <div
    className="list-body"
  >
    <div
      className="list-item list-item--message"
    >
      <span>
        No expenses yet
      </span>
    </div>
  </div>
</div>
`;
